required simplecov
Run options: include {:locations=>{"./spec/controllers/collaborators_controller.rb"=>[17]}}
F

Failures:

  1) CollaboratorsController#create collaborator for current user
     Failure/Error: before { post :create, wiki_id: @wiki.id, collaborator: { user: @user, wiki: @wiki } }
     ActiveRecord::AssociationTypeMismatch:
       User(#69841091542480) expected, got String(#69841038068520)
     # /home/action/.gem/ruby/2.1.1/gems/activerecord-4.2.1/lib/active_record/associations/association.rb:216:in `raise_on_type_mismatch!'
     # /home/action/.gem/ruby/2.1.1/gems/activerecord-4.2.1/lib/active_record/associations/belongs_to_association.rb:12:in `replace'
     # /home/action/.gem/ruby/2.1.1/gems/activerecord-4.2.1/lib/active_record/associations/singular_association.rb:17:in `writer'
     # /home/action/.gem/ruby/2.1.1/gems/activerecord-4.2.1/lib/active_record/associations/builder/association.rb:123:in `user='
     # /home/action/.gem/ruby/2.1.1/gems/activerecord-4.2.1/lib/active_record/attribute_assignment.rb:54:in `public_send'
     # /home/action/.gem/ruby/2.1.1/gems/activerecord-4.2.1/lib/active_record/attribute_assignment.rb:54:in `_assign_attribute'
     # /home/action/.gem/ruby/2.1.1/gems/activerecord-4.2.1/lib/active_record/attribute_assignment.rb:41:in `block in assign_attributes'
     # /home/action/.gem/ruby/2.1.1/gems/actionpack-4.2.1/lib/action_controller/metal/strong_parameters.rb:183:in `each_pair'
     # /home/action/.gem/ruby/2.1.1/gems/actionpack-4.2.1/lib/action_controller/metal/strong_parameters.rb:183:in `each_pair'
     # /home/action/.gem/ruby/2.1.1/gems/activerecord-4.2.1/lib/active_record/attribute_assignment.rb:35:in `assign_attributes'
     # /home/action/.gem/ruby/2.1.1/gems/activerecord-4.2.1/lib/active_record/core.rb:559:in `init_attributes'
     # /home/action/.gem/ruby/2.1.1/gems/activerecord-4.2.1/lib/active_record/core.rb:281:in `initialize'
     # /home/action/.gem/ruby/2.1.1/gems/activerecord-4.2.1/lib/active_record/inheritance.rb:61:in `new'
     # /home/action/.gem/ruby/2.1.1/gems/activerecord-4.2.1/lib/active_record/inheritance.rb:61:in `new'
     # ./app/controllers/collaborators_controller.rb:4:in `create'
     # /home/action/.gem/ruby/2.1.1/gems/actionpack-4.2.1/lib/action_controller/metal/implicit_render.rb:4:in `send_action'
     # /home/action/.gem/ruby/2.1.1/gems/actionpack-4.2.1/lib/abstract_controller/base.rb:198:in `process_action'
     # /home/action/.gem/ruby/2.1.1/gems/actionpack-4.2.1/lib/action_controller/metal/rendering.rb:10:in `process_action'
     # /home/action/.gem/ruby/2.1.1/gems/actionpack-4.2.1/lib/abstract_controller/callbacks.rb:20:in `block in process_action'
     # /home/action/.gem/ruby/2.1.1/gems/activesupport-4.2.1/lib/active_support/callbacks.rb:117:in `call'
     # /home/action/.gem/ruby/2.1.1/gems/activesupport-4.2.1/lib/active_support/callbacks.rb:117:in `call'
     # /home/action/.gem/ruby/2.1.1/gems/activesupport-4.2.1/lib/active_support/callbacks.rb:555:in `block (2 levels) in compile'
     # /home/action/.gem/ruby/2.1.1/gems/activesupport-4.2.1/lib/active_support/callbacks.rb:505:in `call'
     # /home/action/.gem/ruby/2.1.1/gems/activesupport-4.2.1/lib/active_support/callbacks.rb:505:in `call'
     # /home/action/.gem/ruby/2.1.1/gems/activesupport-4.2.1/lib/active_support/callbacks.rb:92:in `_run_callbacks'
     # /home/action/.gem/ruby/2.1.1/gems/activesupport-4.2.1/lib/active_support/callbacks.rb:776:in `_run_process_action_callbacks'
     # /home/action/.gem/ruby/2.1.1/gems/activesupport-4.2.1/lib/active_support/callbacks.rb:81:in `run_callbacks'
     # /home/action/.gem/ruby/2.1.1/gems/actionpack-4.2.1/lib/abstract_controller/callbacks.rb:19:in `process_action'
     # /home/action/.gem/ruby/2.1.1/gems/actionpack-4.2.1/lib/action_controller/metal/rescue.rb:29:in `process_action'
     # /home/action/.gem/ruby/2.1.1/gems/actionpack-4.2.1/lib/action_controller/metal/instrumentation.rb:32:in `block in process_action'
     # /home/action/.gem/ruby/2.1.1/gems/activesupport-4.2.1/lib/active_support/notifications.rb:164:in `block in instrument'
     # /home/action/.gem/ruby/2.1.1/gems/activesupport-4.2.1/lib/active_support/notifications/instrumenter.rb:20:in `instrument'
     # /home/action/.gem/ruby/2.1.1/gems/activesupport-4.2.1/lib/active_support/notifications.rb:164:in `instrument'
     # /home/action/.gem/ruby/2.1.1/gems/actionpack-4.2.1/lib/action_controller/metal/instrumentation.rb:30:in `process_action'
     # /home/action/.gem/ruby/2.1.1/gems/actionpack-4.2.1/lib/action_controller/metal/params_wrapper.rb:250:in `process_action'
     # /home/action/.gem/ruby/2.1.1/gems/activerecord-4.2.1/lib/active_record/railties/controller_runtime.rb:18:in `process_action'
     # /home/action/.gem/ruby/2.1.1/gems/actionpack-4.2.1/lib/abstract_controller/base.rb:137:in `process'
     # /home/action/.gem/ruby/2.1.1/gems/actionview-4.2.1/lib/action_view/rendering.rb:30:in `process'
     # /home/action/.gem/ruby/2.1.1/gems/actionpack-4.2.1/lib/action_controller/test_case.rb:632:in `process'
     # /home/action/.gem/ruby/2.1.1/gems/actionpack-4.2.1/lib/action_controller/test_case.rb:65:in `process'
     # /home/action/.gem/ruby/2.1.1/gems/actionpack-4.2.1/lib/action_controller/test_case.rb:514:in `post'
     # ./spec/controllers/collaborators_controller.rb:26:in `block (3 levels) in <top (required)>'

Finished in 0.45933 seconds (files took 2.58 seconds to load)
1 example, 1 failure

Failed examples:

rspec ./spec/controllers/collaborators_controller.rb:17 # CollaboratorsController#create collaborator for current user

Coverage report generated for RSpec to /home/action/code/blocipedia/coverage. 26 / 48 LOC (54.17%) covered.
